// Vitest Snapshot v1, https://vitest.dev/guide/snapshot.html

exports[`StarshipsService > multiple starships data > should return mapped data 1`] = `
{
  "count": 36,
  "next": "https://swapi.dev/api/starships/?page=2",
  "previous": null,
  "results": [
    {
      "MGLT": "60",
      "cargoCapacity": "3000000",
      "consumables": "1 year",
      "costInCredits": "3500000",
      "crew": "30-165",
      "films": [
        "https://swapi.dev/api/films/1/",
        "https://swapi.dev/api/films/3/",
        "https://swapi.dev/api/films/6/",
      ],
      "hyperdriveRating": "2.0",
      "length": "150",
      "manufacturer": "Corellian Engineering Corporation",
      "maxAtmospheringSpeed": "950",
      "model": "CR90 corvette",
      "name": "CR90 corvette",
      "passengers": "600",
      "pilots": [],
      "starshipClass": "corvette",
      "url": "https://swapi.dev/api/starships/2/",
    },
    {
      "MGLT": "60",
      "cargoCapacity": "36000000",
      "consumables": "2 years",
      "costInCredits": "150000000",
      "crew": "47,060",
      "films": [
        "https://swapi.dev/api/films/1/",
        "https://swapi.dev/api/films/2/",
        "https://swapi.dev/api/films/3/",
      ],
      "hyperdriveRating": "2.0",
      "length": "1,600",
      "manufacturer": "Kuat Drive Yards",
      "maxAtmospheringSpeed": "975",
      "model": "Imperial I-class Star Destroyer",
      "name": "Star Destroyer",
      "passengers": "n/a",
      "pilots": [],
      "starshipClass": "Star Destroyer",
      "url": "https://swapi.dev/api/starships/3/",
    },
    {
      "MGLT": "70",
      "cargoCapacity": "180000",
      "consumables": "1 month",
      "costInCredits": "240000",
      "crew": "5",
      "films": [
        "https://swapi.dev/api/films/1/",
      ],
      "hyperdriveRating": "1.0",
      "length": "38",
      "manufacturer": "Sienar Fleet Systems, Cyngus Spaceworks",
      "maxAtmospheringSpeed": "1000",
      "model": "Sentinel-class landing craft",
      "name": "Sentinel-class landing craft",
      "passengers": "75",
      "pilots": [],
      "starshipClass": "landing craft",
      "url": "https://swapi.dev/api/starships/5/",
    },
    {
      "MGLT": "10",
      "cargoCapacity": "1000000000000",
      "consumables": "3 years",
      "costInCredits": "1000000000000",
      "crew": "342,953",
      "films": [
        "https://swapi.dev/api/films/1/",
      ],
      "hyperdriveRating": "4.0",
      "length": "120000",
      "manufacturer": "Imperial Department of Military Research, Sienar Fleet Systems",
      "maxAtmospheringSpeed": "n/a",
      "model": "DS-1 Orbital Battle Station",
      "name": "Death Star",
      "passengers": "843,342",
      "pilots": [],
      "starshipClass": "Deep Space Mobile Battlestation",
      "url": "https://swapi.dev/api/starships/9/",
    },
    {
      "MGLT": "75",
      "cargoCapacity": "100000",
      "consumables": "2 months",
      "costInCredits": "100000",
      "crew": "4",
      "films": [
        "https://swapi.dev/api/films/1/",
        "https://swapi.dev/api/films/2/",
        "https://swapi.dev/api/films/3/",
      ],
      "hyperdriveRating": "0.5",
      "length": "34.37",
      "manufacturer": "Corellian Engineering Corporation",
      "maxAtmospheringSpeed": "1050",
      "model": "YT-1300 light freighter",
      "name": "Millennium Falcon",
      "passengers": "6",
      "pilots": [
        "https://swapi.dev/api/people/13/",
        "https://swapi.dev/api/people/14/",
        "https://swapi.dev/api/people/25/",
        "https://swapi.dev/api/people/31/",
      ],
      "starshipClass": "Light freighter",
      "url": "https://swapi.dev/api/starships/10/",
    },
    {
      "MGLT": "80",
      "cargoCapacity": "110",
      "consumables": "1 week",
      "costInCredits": "134999",
      "crew": "2",
      "films": [
        "https://swapi.dev/api/films/1/",
        "https://swapi.dev/api/films/2/",
        "https://swapi.dev/api/films/3/",
      ],
      "hyperdriveRating": "1.0",
      "length": "14",
      "manufacturer": "Koensayr Manufacturing",
      "maxAtmospheringSpeed": "1000km",
      "model": "BTL Y-wing",
      "name": "Y-wing",
      "passengers": "0",
      "pilots": [],
      "starshipClass": "assault starfighter",
      "url": "https://swapi.dev/api/starships/11/",
    },
    {
      "MGLT": "100",
      "cargoCapacity": "110",
      "consumables": "1 week",
      "costInCredits": "149999",
      "crew": "1",
      "films": [
        "https://swapi.dev/api/films/1/",
        "https://swapi.dev/api/films/2/",
        "https://swapi.dev/api/films/3/",
      ],
      "hyperdriveRating": "1.0",
      "length": "12.5",
      "manufacturer": "Incom Corporation",
      "maxAtmospheringSpeed": "1050",
      "model": "T-65 X-wing",
      "name": "X-wing",
      "passengers": "0",
      "pilots": [
        "https://swapi.dev/api/people/1/",
        "https://swapi.dev/api/people/9/",
        "https://swapi.dev/api/people/18/",
        "https://swapi.dev/api/people/19/",
      ],
      "starshipClass": "Starfighter",
      "url": "https://swapi.dev/api/starships/12/",
    },
    {
      "MGLT": "105",
      "cargoCapacity": "150",
      "consumables": "5 days",
      "costInCredits": "unknown",
      "crew": "1",
      "films": [
        "https://swapi.dev/api/films/1/",
      ],
      "hyperdriveRating": "1.0",
      "length": "9.2",
      "manufacturer": "Sienar Fleet Systems",
      "maxAtmospheringSpeed": "1200",
      "model": "Twin Ion Engine Advanced x1",
      "name": "TIE Advanced x1",
      "passengers": "0",
      "pilots": [
        "https://swapi.dev/api/people/4/",
      ],
      "starshipClass": "Starfighter",
      "url": "https://swapi.dev/api/starships/13/",
    },
    {
      "MGLT": "40",
      "cargoCapacity": "250000000",
      "consumables": "6 years",
      "costInCredits": "1143350000",
      "crew": "279,144",
      "films": [
        "https://swapi.dev/api/films/2/",
        "https://swapi.dev/api/films/3/",
      ],
      "hyperdriveRating": "2.0",
      "length": "19000",
      "manufacturer": "Kuat Drive Yards, Fondor Shipyards",
      "maxAtmospheringSpeed": "n/a",
      "model": "Executor-class star dreadnought",
      "name": "Executor",
      "passengers": "38000",
      "pilots": [],
      "starshipClass": "Star dreadnought",
      "url": "https://swapi.dev/api/starships/15/",
    },
    {
      "MGLT": "20",
      "cargoCapacity": "19000000",
      "consumables": "6 months",
      "costInCredits": "unknown",
      "crew": "6",
      "films": [
        "https://swapi.dev/api/films/2/",
        "https://swapi.dev/api/films/3/",
      ],
      "hyperdriveRating": "4.0",
      "length": "90",
      "manufacturer": "Gallofree Yards, Inc.",
      "maxAtmospheringSpeed": "650",
      "model": "GR-75 medium transport",
      "name": "Rebel transport",
      "passengers": "90",
      "pilots": [],
      "starshipClass": "Medium transport",
      "url": "https://swapi.dev/api/starships/17/",
    },
  ],
}
`;

exports[`StarshipsService > single starship data > should return mapped data 1`] = `
{
  "MGLT": "60",
  "cargoCapacity": "3000000",
  "consumables": "1 year",
  "costInCredits": "3500000",
  "crew": "30-165",
  "films": [
    "https://swapi.dev/api/films/1/",
    "https://swapi.dev/api/films/3/",
    "https://swapi.dev/api/films/6/",
  ],
  "hyperdriveRating": "2.0",
  "length": "150",
  "manufacturer": "Corellian Engineering Corporation",
  "maxAtmospheringSpeed": "950",
  "model": "CR90 corvette",
  "name": "CR90 corvette",
  "passengers": "600",
  "pilots": [],
  "starshipClass": "corvette",
  "url": "https://swapi.dev/api/starships/2/",
}
`;
