// Vitest Snapshot v1, https://vitest.dev/guide/snapshot.html

exports[`VehiclesService > multiple vehicles data > should return mapped data 1`] = `
{
  "count": 39,
  "next": "https://swapi.dev/api/vehicles/?page=2",
  "previous": null,
  "results": [
    {
      "cargoCapacity": "50000",
      "consumables": "2 months",
      "costInCredits": "150000",
      "crew": "46",
      "films": [
        "https://swapi.dev/api/films/1/",
        "https://swapi.dev/api/films/5/",
      ],
      "length": "36.8 ",
      "manufacturer": "Corellia Mining Corporation",
      "maxAtmospheringSpeed": "30",
      "model": "Digger Crawler",
      "name": "Sand Crawler",
      "passengers": "30",
      "pilots": [],
      "url": "https://swapi.dev/api/vehicles/4/",
      "vehicleClass": "wheeled",
    },
    {
      "cargoCapacity": "50",
      "consumables": "0",
      "costInCredits": "14500",
      "crew": "1",
      "films": [
        "https://swapi.dev/api/films/1/",
      ],
      "length": "10.4 ",
      "manufacturer": "Incom Corporation",
      "maxAtmospheringSpeed": "1200",
      "model": "T-16 skyhopper",
      "name": "T-16 skyhopper",
      "passengers": "1",
      "pilots": [],
      "url": "https://swapi.dev/api/vehicles/6/",
      "vehicleClass": "repulsorcraft",
    },
    {
      "cargoCapacity": "5",
      "consumables": "unknown",
      "costInCredits": "10550",
      "crew": "1",
      "films": [
        "https://swapi.dev/api/films/1/",
      ],
      "length": "3.4 ",
      "manufacturer": "SoroSuub Corporation",
      "maxAtmospheringSpeed": "250",
      "model": "X-34 landspeeder",
      "name": "X-34 landspeeder",
      "passengers": "1",
      "pilots": [],
      "url": "https://swapi.dev/api/vehicles/7/",
      "vehicleClass": "repulsorcraft",
    },
    {
      "cargoCapacity": "65",
      "consumables": "2 days",
      "costInCredits": "unknown",
      "crew": "1",
      "films": [
        "https://swapi.dev/api/films/1/",
        "https://swapi.dev/api/films/2/",
        "https://swapi.dev/api/films/3/",
      ],
      "length": "6.4",
      "manufacturer": "Sienar Fleet Systems",
      "maxAtmospheringSpeed": "1200",
      "model": "Twin Ion Engine/Ln Starfighter",
      "name": "TIE/LN starfighter",
      "passengers": "0",
      "pilots": [],
      "url": "https://swapi.dev/api/vehicles/8/",
      "vehicleClass": "starfighter",
    },
    {
      "cargoCapacity": "10",
      "consumables": "none",
      "costInCredits": "unknown",
      "crew": "2",
      "films": [
        "https://swapi.dev/api/films/2/",
      ],
      "length": "4.5",
      "manufacturer": "Incom corporation",
      "maxAtmospheringSpeed": "650",
      "model": "t-47 airspeeder",
      "name": "Snowspeeder",
      "passengers": "0",
      "pilots": [
        "https://swapi.dev/api/people/1/",
        "https://swapi.dev/api/people/18/",
      ],
      "url": "https://swapi.dev/api/vehicles/14/",
      "vehicleClass": "airspeeder",
    },
    {
      "cargoCapacity": "none",
      "consumables": "2 days",
      "costInCredits": "unknown",
      "crew": "1",
      "films": [
        "https://swapi.dev/api/films/2/",
        "https://swapi.dev/api/films/3/",
      ],
      "length": "7.8",
      "manufacturer": "Sienar Fleet Systems",
      "maxAtmospheringSpeed": "850",
      "model": "TIE/sa bomber",
      "name": "TIE bomber",
      "passengers": "0",
      "pilots": [],
      "url": "https://swapi.dev/api/vehicles/16/",
      "vehicleClass": "space/planetary bomber",
    },
    {
      "cargoCapacity": "1000",
      "consumables": "unknown",
      "costInCredits": "unknown",
      "crew": "5",
      "films": [
        "https://swapi.dev/api/films/2/",
        "https://swapi.dev/api/films/3/",
      ],
      "length": "20",
      "manufacturer": "Kuat Drive Yards, Imperial Department of Military Research",
      "maxAtmospheringSpeed": "60",
      "model": "All Terrain Armored Transport",
      "name": "AT-AT",
      "passengers": "40",
      "pilots": [],
      "url": "https://swapi.dev/api/vehicles/18/",
      "vehicleClass": "assault walker",
    },
    {
      "cargoCapacity": "200",
      "consumables": "none",
      "costInCredits": "unknown",
      "crew": "2",
      "films": [
        "https://swapi.dev/api/films/2/",
        "https://swapi.dev/api/films/3/",
      ],
      "length": "2",
      "manufacturer": "Kuat Drive Yards, Imperial Department of Military Research",
      "maxAtmospheringSpeed": "90",
      "model": "All Terrain Scout Transport",
      "name": "AT-ST",
      "passengers": "0",
      "pilots": [
        "https://swapi.dev/api/people/13/",
      ],
      "url": "https://swapi.dev/api/vehicles/19/",
      "vehicleClass": "walker",
    },
    {
      "cargoCapacity": "10",
      "consumables": "1 day",
      "costInCredits": "75000",
      "crew": "2",
      "films": [
        "https://swapi.dev/api/films/2/",
      ],
      "length": "7",
      "manufacturer": "Bespin Motors",
      "maxAtmospheringSpeed": "1500",
      "model": "Storm IV Twin-Pod",
      "name": "Storm IV Twin-Pod cloud car",
      "passengers": "0",
      "pilots": [],
      "url": "https://swapi.dev/api/vehicles/20/",
      "vehicleClass": "repulsorcraft",
    },
    {
      "cargoCapacity": "2000000",
      "consumables": "Live food tanks",
      "costInCredits": "285000",
      "crew": "26",
      "films": [
        "https://swapi.dev/api/films/3/",
      ],
      "length": "30",
      "manufacturer": "Ubrikkian Industries Custom Vehicle Division",
      "maxAtmospheringSpeed": "100",
      "model": "Modified Luxury Sail Barge",
      "name": "Sail barge",
      "passengers": "500",
      "pilots": [],
      "url": "https://swapi.dev/api/vehicles/24/",
      "vehicleClass": "sail barge",
    },
  ],
}
`;

exports[`VehiclesService > single vehicle data > should return mapped data 1`] = `
{
  "cargoCapacity": "50000",
  "consumables": "2 months",
  "costInCredits": "150000",
  "crew": "46",
  "films": [
    "https://swapi.dev/api/films/1/",
  ],
  "length": "36.8",
  "manufacturer": "Corellia Mining Corporation",
  "maxAtmospheringSpeed": "30",
  "model": "Digger Crawler",
  "name": "Sand Crawler",
  "passengers": "30",
  "pilots": [],
  "url": "https://swapi.dev/api/vehicles/4/",
  "vehicleClass": "wheeled",
}
`;
