// Vitest Snapshot v1, https://vitest.dev/guide/snapshot.html

exports[`SpeciesService > multiple speciesMany data > should return mapped data when 1`] = `
{
  "count": 37,
  "next": "https://swapi.dev/api/species/?page=2",
  "previous": null,
  "results": [
    {
      "averageHeight": "180",
      "averageLifespan": "120",
      "classification": "mammal",
      "designation": "sentient",
      "eyeColors": "brown, blue, green, hazel, grey, amber",
      "films": [
        "https://swapi.dev/api/films/1/",
        "https://swapi.dev/api/films/2/",
        "https://swapi.dev/api/films/3/",
        "https://swapi.dev/api/films/4/",
        "https://swapi.dev/api/films/5/",
        "https://swapi.dev/api/films/6/",
      ],
      "hairColors": "blonde, brown, black, red",
      "homeworld": "https://swapi.dev/api/planets/9/",
      "language": "Galactic Basic",
      "name": "Human",
      "people": [
        "https://swapi.dev/api/people/66/",
        "https://swapi.dev/api/people/67/",
        "https://swapi.dev/api/people/68/",
        "https://swapi.dev/api/people/74/",
      ],
      "skinColors": "caucasian, black, asian, hispanic",
      "url": "https://swapi.dev/api/species/1/",
    },
    {
      "averageHeight": "n/a",
      "averageLifespan": "indefinite",
      "classification": "artificial",
      "designation": "sentient",
      "eyeColors": "n/a",
      "films": [
        "https://swapi.dev/api/films/1/",
        "https://swapi.dev/api/films/2/",
        "https://swapi.dev/api/films/3/",
        "https://swapi.dev/api/films/4/",
        "https://swapi.dev/api/films/5/",
        "https://swapi.dev/api/films/6/",
      ],
      "hairColors": "n/a",
      "homeworld": null,
      "language": "n/a",
      "name": "Droid",
      "people": [
        "https://swapi.dev/api/people/2/",
        "https://swapi.dev/api/people/3/",
        "https://swapi.dev/api/people/8/",
        "https://swapi.dev/api/people/23/",
      ],
      "skinColors": "n/a",
      "url": "https://swapi.dev/api/species/2/",
    },
    {
      "averageHeight": "210",
      "averageLifespan": "400",
      "classification": "mammal",
      "designation": "sentient",
      "eyeColors": "blue, green, yellow, brown, golden, red",
      "films": [
        "https://swapi.dev/api/films/1/",
        "https://swapi.dev/api/films/2/",
        "https://swapi.dev/api/films/3/",
        "https://swapi.dev/api/films/6/",
      ],
      "hairColors": "black, brown",
      "homeworld": "https://swapi.dev/api/planets/14/",
      "language": "Shyriiwook",
      "name": "Wookie",
      "people": [
        "https://swapi.dev/api/people/13/",
        "https://swapi.dev/api/people/80/",
      ],
      "skinColors": "gray",
      "url": "https://swapi.dev/api/species/3/",
    },
    {
      "averageHeight": "170",
      "averageLifespan": "unknown",
      "classification": "sentient",
      "designation": "reptilian",
      "eyeColors": "black",
      "films": [
        "https://swapi.dev/api/films/1/",
      ],
      "hairColors": "n/a",
      "homeworld": "https://swapi.dev/api/planets/23/",
      "language": "Galatic Basic",
      "name": "Rodian",
      "people": [
        "https://swapi.dev/api/people/15/",
      ],
      "skinColors": "green, blue",
      "url": "https://swapi.dev/api/species/4/",
    },
    {
      "averageHeight": "300",
      "averageLifespan": "1000",
      "classification": "gastropod",
      "designation": "sentient",
      "eyeColors": "yellow, red",
      "films": [
        "https://swapi.dev/api/films/1/",
        "https://swapi.dev/api/films/3/",
      ],
      "hairColors": "n/a",
      "homeworld": "https://swapi.dev/api/planets/24/",
      "language": "Huttese",
      "name": "Hutt",
      "people": [
        "https://swapi.dev/api/people/16/",
      ],
      "skinColors": "green, brown, tan",
      "url": "https://swapi.dev/api/species/5/",
    },
    {
      "averageHeight": "66",
      "averageLifespan": "900",
      "classification": "mammal",
      "designation": "sentient",
      "eyeColors": "brown, green, yellow",
      "films": [
        "https://swapi.dev/api/films/2/",
        "https://swapi.dev/api/films/3/",
        "https://swapi.dev/api/films/4/",
        "https://swapi.dev/api/films/5/",
        "https://swapi.dev/api/films/6/",
      ],
      "hairColors": "brown, white",
      "homeworld": "https://swapi.dev/api/planets/28/",
      "language": "Galactic basic",
      "name": "Yoda's species",
      "people": [
        "https://swapi.dev/api/people/20/",
      ],
      "skinColors": "green, yellow",
      "url": "https://swapi.dev/api/species/6/",
    },
    {
      "averageHeight": "200",
      "averageLifespan": "unknown",
      "classification": "reptile",
      "designation": "sentient",
      "eyeColors": "yellow, orange",
      "films": [
        "https://swapi.dev/api/films/2/",
      ],
      "hairColors": "none",
      "homeworld": "https://swapi.dev/api/planets/29/",
      "language": "Dosh",
      "name": "Trandoshan",
      "people": [
        "https://swapi.dev/api/people/24/",
      ],
      "skinColors": "brown, green",
      "url": "https://swapi.dev/api/species/7/",
    },
    {
      "averageHeight": "160",
      "averageLifespan": "unknown",
      "classification": "amphibian",
      "designation": "sentient",
      "eyeColors": "yellow",
      "films": [
        "https://swapi.dev/api/films/3/",
      ],
      "hairColors": "none",
      "homeworld": "https://swapi.dev/api/planets/31/",
      "language": "Mon Calamarian",
      "name": "Mon Calamari",
      "people": [
        "https://swapi.dev/api/people/27/",
      ],
      "skinColors": "red, blue, brown, magenta",
      "url": "https://swapi.dev/api/species/8/",
    },
    {
      "averageHeight": "100",
      "averageLifespan": "unknown",
      "classification": "mammal",
      "designation": "sentient",
      "eyeColors": "orange, brown",
      "films": [
        "https://swapi.dev/api/films/3/",
      ],
      "hairColors": "white, brown, black",
      "homeworld": "https://swapi.dev/api/planets/7/",
      "language": "Ewokese",
      "name": "Ewok",
      "people": [
        "https://swapi.dev/api/people/30/",
      ],
      "skinColors": "brown",
      "url": "https://swapi.dev/api/species/9/",
    },
    {
      "averageHeight": "180",
      "averageLifespan": "unknown",
      "classification": "mammal",
      "designation": "sentient",
      "eyeColors": "black",
      "films": [
        "https://swapi.dev/api/films/3/",
      ],
      "hairColors": "none",
      "homeworld": "https://swapi.dev/api/planets/33/",
      "language": "Sullutese",
      "name": "Sullustan",
      "people": [
        "https://swapi.dev/api/people/31/",
      ],
      "skinColors": "pale",
      "url": "https://swapi.dev/api/species/10/",
    },
  ],
}
`;

exports[`SpeciesService > single species data > should return mapped data 1`] = `
{
  "averageHeight": "n/a",
  "averageLifespan": "indefinite",
  "classification": "artificial",
  "designation": "sentient",
  "eyeColors": "n/a",
  "films": [
    "https://swapi.dev/api/films/1/",
    "https://swapi.dev/api/films/2/",
    "https://swapi.dev/api/films/3/",
    "https://swapi.dev/api/films/4/",
    "https://swapi.dev/api/films/5/",
    "https://swapi.dev/api/films/6/",
  ],
  "hairColors": "n/a",
  "homeworld": null,
  "language": "n/a",
  "name": "Droid",
  "people": [
    "https://swapi.dev/api/people/2/",
    "https://swapi.dev/api/people/3/",
    "https://swapi.dev/api/people/8/",
    "https://swapi.dev/api/people/23/",
  ],
  "skinColors": "n/a",
  "url": "https://swapi.dev/api/species/2/",
}
`;
