// Vitest Snapshot v1, https://vitest.dev/guide/snapshot.html

exports[`PlanetsService > multiple planets data > should return mapped data when 1`] = `
{
  "count": 60,
  "next": "https://swapi.dev/api/planets/?page=2",
  "previous": null,
  "results": [
    {
      "climate": "arid",
      "diameter": "10465",
      "films": [
        "https://swapi.dev/api/films/1/",
        "https://swapi.dev/api/films/3/",
        "https://swapi.dev/api/films/4/",
        "https://swapi.dev/api/films/5/",
        "https://swapi.dev/api/films/6/",
      ],
      "gravity": "1 standard",
      "name": "Tatooine",
      "orbitalPeriod": "304",
      "population": "200000",
      "residents": [
        "https://swapi.dev/api/people/1/",
        "https://swapi.dev/api/people/2/",
        "https://swapi.dev/api/people/4/",
        "https://swapi.dev/api/people/6/",
        "https://swapi.dev/api/people/7/",
        "https://swapi.dev/api/people/8/",
        "https://swapi.dev/api/people/9/",
        "https://swapi.dev/api/people/11/",
        "https://swapi.dev/api/people/43/",
        "https://swapi.dev/api/people/62/",
      ],
      "rotationPeriod": "23",
      "surfaceWater": "1",
      "terrain": "desert",
      "url": "https://swapi.dev/api/planets/1/",
    },
    {
      "climate": "temperate",
      "diameter": "12500",
      "films": [
        "https://swapi.dev/api/films/1/",
        "https://swapi.dev/api/films/6/",
      ],
      "gravity": "1 standard",
      "name": "Alderaan",
      "orbitalPeriod": "364",
      "population": "2000000000",
      "residents": [
        "https://swapi.dev/api/people/5/",
        "https://swapi.dev/api/people/68/",
        "https://swapi.dev/api/people/81/",
      ],
      "rotationPeriod": "24",
      "surfaceWater": "40",
      "terrain": "grasslands, mountains",
      "url": "https://swapi.dev/api/planets/2/",
    },
    {
      "climate": "temperate, tropical",
      "diameter": "10200",
      "films": [
        "https://swapi.dev/api/films/1/",
      ],
      "gravity": "1 standard",
      "name": "Yavin IV",
      "orbitalPeriod": "4818",
      "population": "1000",
      "residents": [],
      "rotationPeriod": "24",
      "surfaceWater": "8",
      "terrain": "jungle, rainforests",
      "url": "https://swapi.dev/api/planets/3/",
    },
    {
      "climate": "frozen",
      "diameter": "7200",
      "films": [
        "https://swapi.dev/api/films/2/",
      ],
      "gravity": "1.1 standard",
      "name": "Hoth",
      "orbitalPeriod": "549",
      "population": "unknown",
      "residents": [],
      "rotationPeriod": "23",
      "surfaceWater": "100",
      "terrain": "tundra, ice caves, mountain ranges",
      "url": "https://swapi.dev/api/planets/4/",
    },
    {
      "climate": "murky",
      "diameter": "8900",
      "films": [
        "https://swapi.dev/api/films/2/",
        "https://swapi.dev/api/films/3/",
        "https://swapi.dev/api/films/6/",
      ],
      "gravity": "N/A",
      "name": "Dagobah",
      "orbitalPeriod": "341",
      "population": "unknown",
      "residents": [],
      "rotationPeriod": "23",
      "surfaceWater": "8",
      "terrain": "swamp, jungles",
      "url": "https://swapi.dev/api/planets/5/",
    },
    {
      "climate": "temperate",
      "diameter": "118000",
      "films": [
        "https://swapi.dev/api/films/2/",
      ],
      "gravity": "1.5 (surface), 1 standard (Cloud City)",
      "name": "Bespin",
      "orbitalPeriod": "5110",
      "population": "6000000",
      "residents": [
        "https://swapi.dev/api/people/26/",
      ],
      "rotationPeriod": "12",
      "surfaceWater": "0",
      "terrain": "gas giant",
      "url": "https://swapi.dev/api/planets/6/",
    },
    {
      "climate": "temperate",
      "diameter": "4900",
      "films": [
        "https://swapi.dev/api/films/3/",
      ],
      "gravity": "0.85 standard",
      "name": "Endor",
      "orbitalPeriod": "402",
      "population": "30000000",
      "residents": [
        "https://swapi.dev/api/people/30/",
      ],
      "rotationPeriod": "18",
      "surfaceWater": "8",
      "terrain": "forests, mountains, lakes",
      "url": "https://swapi.dev/api/planets/7/",
    },
    {
      "climate": "temperate",
      "diameter": "12120",
      "films": [
        "https://swapi.dev/api/films/3/",
        "https://swapi.dev/api/films/4/",
        "https://swapi.dev/api/films/5/",
        "https://swapi.dev/api/films/6/",
      ],
      "gravity": "1 standard",
      "name": "Naboo",
      "orbitalPeriod": "312",
      "population": "4500000000",
      "residents": [
        "https://swapi.dev/api/people/3/",
        "https://swapi.dev/api/people/21/",
        "https://swapi.dev/api/people/35/",
        "https://swapi.dev/api/people/36/",
        "https://swapi.dev/api/people/37/",
        "https://swapi.dev/api/people/38/",
        "https://swapi.dev/api/people/39/",
        "https://swapi.dev/api/people/42/",
        "https://swapi.dev/api/people/60/",
        "https://swapi.dev/api/people/61/",
        "https://swapi.dev/api/people/66/",
      ],
      "rotationPeriod": "26",
      "surfaceWater": "12",
      "terrain": "grassy hills, swamps, forests, mountains",
      "url": "https://swapi.dev/api/planets/8/",
    },
    {
      "climate": "temperate",
      "diameter": "12240",
      "films": [
        "https://swapi.dev/api/films/3/",
        "https://swapi.dev/api/films/4/",
        "https://swapi.dev/api/films/5/",
        "https://swapi.dev/api/films/6/",
      ],
      "gravity": "1 standard",
      "name": "Coruscant",
      "orbitalPeriod": "368",
      "population": "1000000000000",
      "residents": [
        "https://swapi.dev/api/people/34/",
        "https://swapi.dev/api/people/55/",
        "https://swapi.dev/api/people/74/",
      ],
      "rotationPeriod": "24",
      "surfaceWater": "unknown",
      "terrain": "cityscape, mountains",
      "url": "https://swapi.dev/api/planets/9/",
    },
    {
      "climate": "temperate",
      "diameter": "19720",
      "films": [
        "https://swapi.dev/api/films/5/",
      ],
      "gravity": "1 standard",
      "name": "Kamino",
      "orbitalPeriod": "463",
      "population": "1000000000",
      "residents": [
        "https://swapi.dev/api/people/22/",
        "https://swapi.dev/api/people/72/",
        "https://swapi.dev/api/people/73/",
      ],
      "rotationPeriod": "27",
      "surfaceWater": "100",
      "terrain": "ocean",
      "url": "https://swapi.dev/api/planets/10/",
    },
  ],
}
`;

exports[`PlanetsService > single planet data > should return mapped data 1`] = `
{
  "climate": "temperate",
  "diameter": "12500",
  "films": [
    "https://swapi.dev/api/films/1/",
    "https://swapi.dev/api/films/6/",
  ],
  "gravity": "1 standard",
  "name": "Alderaan",
  "orbitalPeriod": "364",
  "population": "2000000000",
  "residents": [
    "https://swapi.dev/api/people/5/",
    "https://swapi.dev/api/people/68/",
    "https://swapi.dev/api/people/81/",
  ],
  "rotationPeriod": "24",
  "surfaceWater": "40",
  "terrain": "grasslands, mountains",
  "url": "https://swapi.dev/api/planets/2/",
}
`;
